2025-02-09 23:11:09,994 - === New Trading Session Started ===
2025-02-09 23:11:10,362 - DEBUG ENTRY: Price: 169.42, SMA: 171.59, RSI: 38.89 (<65), Stoch %D: 25.80 (<60), MACD: -2.81 vs Signal: -3.07
2025-02-09 23:11:10,362 - DEBUG ENTRY: Price: 168.23, SMA: 171.28, RSI: 37.13 (<65), Stoch %D: 20.70 (<60), MACD: -2.88 vs Signal: -3.03
2025-02-09 23:11:10,363 - DEBUG ENTRY: Price: 169.04, SMA: 171.26, RSI: 39.15 (<65), Stoch %D: 14.79 (<60), MACD: -2.84 vs Signal: -2.99
2025-02-09 23:11:10,363 - DEBUG ENTRY: Price: 168.21, SMA: 171.24, RSI: 37.81 (<65), Stoch %D: 9.44 (<60), MACD: -2.84 vs Signal: -2.96
2025-02-09 23:11:10,363 - DEBUG ENTRY: Price: 168.97, SMA: 171.27, RSI: 39.84 (<65), Stoch %D: 9.22 (<60), MACD: -2.75 vs Signal: -2.92
2025-02-09 23:11:10,363 - DEBUG ENTRY: Price: 167.84, SMA: 171.16, RSI: 37.86 (<65), Stoch %D: 8.66 (<60), MACD: -2.73 vs Signal: -2.88
2025-02-09 23:11:10,363 - DEBUG ENTRY: Price: 169.06, SMA: 171.01, RSI: 41.26 (<65), Stoch %D: 9.08 (<60), MACD: -2.59 vs Signal: -2.82
2025-02-09 23:11:10,363 - DEBUG ENTRY: Price: 167.18, SMA: 170.73, RSI: 37.81 (<65), Stoch %D: 7.99 (<60), MACD: -2.61 vs Signal: -2.78
2025-02-09 23:11:10,363 - DEBUG ENTRY: Price: 174.41, SMA: 170.93, RSI: 53.80 (<65), Stoch %D: 18.49 (<60), MACD: -2.01 vs Signal: -2.63
2025-02-09 23:11:10,363 - BUY CREATE at 174.41, Size: 544 shares
2025-02-09 23:11:10,363 - BUY EXECUTED - Price: 173.63, Size: 544 shares, Cost: 94455.66, Comm: 94.46
2025-02-09 23:11:10,363 - DEBUG ENTRY: Price: 175.91, SMA: 171.11, RSI: 56.31 (<65), Stoch %D: 35.88 (<60), MACD: -1.40 vs Signal: -2.38
2025-02-09 23:11:10,363 - DEBUG EXIT: Price: 175.91, Stop: 170.92, Target: 183.13, RSI: 56.31 (>75)
2025-02-09 23:11:10,363 - DEBUG ENTRY: Price: 172.07, SMA: 171.11, RSI: 48.97 (<65), Stoch %D: 58.78 (<60), MACD: -1.21 vs Signal: -2.15
2025-02-09 23:11:10,363 - DEBUG EXIT: Price: 172.07, Stop: 170.92, Target: 183.13, RSI: 48.97 (>75)
2025-02-09 23:11:10,363 - DEBUG ENTRY: Price: 168.77, SMA: 170.89, RSI: 43.71 (<65), Stoch %D: 63.06 (<60), MACD: -1.31 vs Signal: -1.98
2025-02-09 23:11:10,363 - DEBUG EXIT: Price: 168.77, Stop: 170.92, Target: 183.13, RSI: 43.71 (>75)
2025-02-09 23:11:10,363 - SELL CREATE at 168.77, Size: 544 shares
2025-02-09 23:11:10,363 - SELL EXECUTED - Price: 169.00, Size: 544 shares, Cost: 94455.66, Comm: 91.94
2025-02-09 23:11:10,363 - DEBUG ENTRY: Price: 167.39, SMA: 170.49, RSI: 41.70 (<65), Stoch %D: 51.10 (<60), MACD: -1.49 vs Signal: -1.88
2025-02-09 23:11:10,363 - DEBUG ENTRY: Price: 166.44, SMA: 169.91, RSI: 40.31 (<65), Stoch %D: 29.29 (<60), MACD: -1.68 vs Signal: -1.84
2025-02-09 23:11:10,363 - DEBUG ENTRY: Price: 164.41, SMA: 169.59, RSI: 37.45 (<65), Stoch %D: 14.27 (<60), MACD: -1.98 vs Signal: -1.87
2025-02-09 23:11:10,364 - DEBUG ENTRY: Price: 165.24, SMA: 169.27, RSI: 39.36 (<65), Stoch %D: 8.18 (<60), MACD: -2.12 vs Signal: -1.92
2025-02-09 23:11:10,364 - DEBUG ENTRY: Price: 166.30, SMA: 169.08, RSI: 41.77 (<65), Stoch %D: 8.88 (<60), MACD: -2.13 vs Signal: -1.96
2025-02-09 23:11:10,364 - DEBUG ENTRY: Price: 168.41, SMA: 169.04, RSI: 46.36 (<65), Stoch %D: 14.23 (<60), MACD: -1.94 vs Signal: -1.96
2025-02-09 23:11:10,364 - DEBUG ENTRY: Price: 169.28, SMA: 168.87, RSI: 48.17 (<65), Stoch %D: 22.25 (<60), MACD: -1.70 vs Signal: -1.90
2025-02-09 23:11:10,364 - BUY CREATE at 169.28, Size: 546 shares
2025-02-09 23:11:10,364 - BUY EXECUTED - Price: 169.27, Size: 546 shares, Cost: 92420.06, Comm: 92.42
2025-02-09 23:11:10,364 - DEBUG ENTRY: Price: 168.69, SMA: 168.76, RSI: 47.01 (<65), Stoch %D: 30.39 (<60), MACD: -1.54 vs Signal: -1.83
2025-02-09 23:11:10,364 - DEBUG EXIT: Price: 168.69, Stop: 165.89, Target: 177.74, RSI: 47.01 (>75)
2025-02-09 23:11:10,364 - DEBUG ENTRY: Price: 172.87, SMA: 168.94, RSI: 55.25 (<65), Stoch %D: 38.90 (<60), MACD: -1.06 vs Signal: -1.68
2025-02-09 23:11:10,364 - DEBUG EXIT: Price: 172.87, Stop: 165.89, Target: 177.74, RSI: 55.25 (>75)
2025-02-09 23:11:10,364 - DEBUG ENTRY: Price: 169.72, SMA: 169.01, RSI: 49.05 (<65), Stoch %D: 44.59 (<60), MACD: -0.93 vs Signal: -1.53
2025-02-09 23:11:10,364 - DEBUG EXIT: Price: 169.72, Stop: 165.89, Target: 177.74, RSI: 49.05 (>75)
2025-02-09 23:11:10,364 - DEBUG ENTRY: Price: 168.69, SMA: 168.99, RSI: 47.20 (<65), Stoch %D: 48.42 (<60), MACD: -0.89 vs Signal: -1.40
2025-02-09 23:11:10,364 - DEBUG EXIT: Price: 168.69, Stop: 165.89, Target: 177.74, RSI: 47.20 (>75)
2025-02-09 23:11:10,364 - DEBUG ENTRY: Price: 172.41, SMA: 169.20, RSI: 53.98 (<65), Stoch %D: 49.36 (<60), MACD: -0.56 vs Signal: -1.23
2025-02-09 23:11:10,364 - DEBUG EXIT: Price: 172.41, Stop: 165.89, Target: 177.74, RSI: 53.98 (>75)
2025-02-09 23:11:10,364 - DEBUG ENTRY: Price: 182.72, SMA: 169.89, RSI: 66.74 (<65), Stoch %D: 54.44 (<60), MACD: 0.53 vs Signal: -0.88
2025-02-09 23:11:10,364 - DEBUG EXIT: Price: 182.72, Stop: 165.89, Target: 177.74, RSI: 66.74 (>75)
2025-02-09 23:11:10,364 - SELL CREATE at 182.72, Size: 546 shares
2025-02-09 23:11:10,364 - SELL EXECUTED - Price: 181.69, Size: 546 shares, Cost: 92420.06, Comm: 99.20
2025-02-09 23:11:10,364 - DEBUG ENTRY: Price: 181.05, SMA: 170.55, RSI: 63.67 (<65), Stoch %D: 64.02 (<60), MACD: 1.25 vs Signal: -0.45
2025-02-09 23:11:10,364 - BUY CREATE at 181.05, Size: 545 shares
2025-02-09 23:11:10,364 - BUY EXECUTED - Price: 182.79, Size: 545 shares, Cost: 99619.79, Comm: 99.62
2025-02-09 23:11:10,364 - DEBUG ENTRY: Price: 181.74, SMA: 171.18, RSI: 64.40 (<65), Stoch %D: 73.95 (<60), MACD: 1.85 vs Signal: 0.01
2025-02-09 23:11:10,364 - DEBUG EXIT: Price: 181.74, Stop: 177.43, Target: 190.11, RSI: 64.40 (>75)
2025-02-09 23:11:10,364 - DEBUG ENTRY: Price: 182.08, SMA: 171.93, RSI: 64.77 (<65), Stoch %D: 79.08 (<60), MACD: 2.32 vs Signal: 0.47
2025-02-09 23:11:10,364 - DEBUG EXIT: Price: 182.08, Stop: 177.43, Target: 190.11, RSI: 64.77 (>75)
2025-02-09 23:11:10,364 - DEBUG ENTRY: Price: 183.90, SMA: 172.40, RSI: 66.80 (<65), Stoch %D: 81.08 (<60), MACD: 2.82 vs Signal: 0.94
2025-02-09 23:11:10,364 - DEBUG EXIT: Price: 183.90, Stop: 177.43, Target: 190.11, RSI: 66.80 (>75)
2025-02-09 23:11:10,365 - DEBUG ENTRY: Price: 182.64, SMA: 172.74, RSI: 64.04 (<65), Stoch %D: 82.49 (<60), MACD: 3.07 vs Signal: 1.36
2025-02-09 23:11:10,365 - DEBUG EXIT: Price: 182.64, Stop: 177.43, Target: 190.11, RSI: 64.04 (>75)
2025-02-09 23:11:10,365 - DEBUG ENTRY: Price: 185.86, SMA: 173.43, RSI: 67.69 (<65), Stoch %D: 85.84 (<60), MACD: 3.49 vs Signal: 1.79
2025-02-09 23:11:10,365 - DEBUG EXIT: Price: 185.86, Stop: 177.43, Target: 190.11, RSI: 67.69 (>75)
2025-02-09 23:11:10,365 - DEBUG ENTRY: Price: 187.01, SMA: 174.34, RSI: 68.90 (<65), Stoch %D: 88.58 (<60), MACD: 3.87 vs Signal: 2.21
2025-02-09 23:11:10,365 - DEBUG EXIT: Price: 187.01, Stop: 177.43, Target: 190.11, RSI: 68.90 (>75)
2025-02-09 23:11:10,365 - DEBUG ENTRY: Price: 189.29, SMA: 175.44, RSI: 71.22 (<65), Stoch %D: 92.34 (<60), MACD: 4.31 vs Signal: 2.63
2025-02-09 23:11:10,365 - DEBUG EXIT: Price: 189.29, Stop: 177.43, Target: 190.11, RSI: 71.22 (>75)
2025-02-09 23:11:10,365 - DEBUG ENTRY: Price: 189.41, SMA: 176.59, RSI: 71.34 (<65), Stoch %D: 94.27 (<60), MACD: 4.61 vs Signal: 3.02
2025-02-09 23:11:10,365 - DEBUG EXIT: Price: 189.41, Stop: 177.43, Target: 190.11, RSI: 71.34 (>75)
2025-02-09 23:11:10,365 - DEBUG ENTRY: Price: 189.44, SMA: 177.84, RSI: 71.37 (<65), Stoch %D: 95.32 (<60), MACD: 4.80 vs Signal: 3.38
2025-02-09 23:11:10,365 - DEBUG EXIT: Price: 189.44, Stop: 177.43, Target: 190.11, RSI: 71.37 (>75)
2025-02-09 23:11:10,365 - DEBUG ENTRY: Price: 190.61, SMA: 179.11, RSI: 72.66 (<65), Stoch %D: 95.03 (<60), MACD: 4.98 vs Signal: 3.70
2025-02-09 23:11:10,365 - DEBUG EXIT: Price: 190.61, Stop: 177.43, Target: 190.11, RSI: 72.66 (>75)
2025-02-09 23:11:10,365 - SELL CREATE at 190.61, Size: 545 shares
2025-02-09 23:11:10,365 - SELL EXECUTED - Price: 190.66, Size: 545 shares, Cost: 99619.79, Comm: 103.91
2025-02-09 23:11:10,365 - DEBUG ENTRY: Price: 191.92, SMA: 180.39, RSI: 74.07 (<65), Stoch %D: 95.38 (<60), MACD: 5.17 vs Signal: 3.99
2025-02-09 23:11:10,365 - DEBUG ENTRY: Price: 190.47, SMA: 181.49, RSI: 69.78 (<65), Stoch %D: 94.80 (<60), MACD: 5.15 vs Signal: 4.22
2025-02-09 23:11:10,365 - DEBUG ENTRY: Price: 186.46, SMA: 182.35, RSI: 59.50 (<65), Stoch %D: 89.37 (<60), MACD: 4.75 vs Signal: 4.33
2025-02-09 23:11:10,365 - BUY CREATE at 186.46, Size: 550 shares
2025-02-09 23:11:10,365 - BUY EXECUTED - Price: 188.39, Size: 550 shares, Cost: 103616.94, Comm: 103.62
2025-02-09 23:11:10,365 - DEBUG ENTRY: Price: 189.55, SMA: 183.39, RSI: 63.91 (<65), Stoch %D: 81.01 (<60), MACD: 4.63 vs Signal: 4.39
2025-02-09 23:11:10,365 - DEBUG EXIT: Price: 189.55, Stop: 182.73, Target: 195.78, RSI: 63.91 (>75)
2025-02-09 23:11:10,365 - DEBUG ENTRY: Price: 189.56, SMA: 184.23, RSI: 63.93 (<65), Stoch %D: 72.57 (<60), MACD: 4.49 vs Signal: 4.41
2025-02-09 23:11:10,365 - DEBUG EXIT: Price: 189.56, Stop: 182.73, Target: 195.78, RSI: 63.93 (>75)
2025-02-09 23:11:10,365 - DEBUG ENTRY: Price: 189.86, SMA: 185.23, RSI: 64.36 (<65), Stoch %D: 71.44 (<60), MACD: 4.35 vs Signal: 4.40
2025-02-09 23:11:10,365 - DEBUG EXIT: Price: 189.86, Stop: 182.73, Target: 195.78, RSI: 64.36 (>75)
2025-02-09 23:11:10,365 - DEBUG ENTRY: Price: 190.86, SMA: 186.34, RSI: 65.85 (<65), Stoch %D: 73.75 (<60), MACD: 4.27 vs Signal: 4.37
2025-02-09 23:11:10,365 - DEBUG EXIT: Price: 190.86, Stop: 182.73, Target: 195.78, RSI: 65.85 (>75)
2025-02-09 23:11:10,365 - DEBUG ENTRY: Price: 191.82, SMA: 187.31, RSI: 67.25 (<65), Stoch %D: 79.04 (<60), MACD: 4.23 vs Signal: 4.34
2025-02-09 23:11:10,366 - DEBUG EXIT: Price: 191.82, Stop: 182.73, Target: 195.78, RSI: 67.25 (>75)
2025-02-09 23:11:10,366 - DEBUG ENTRY: Price: 193.59, SMA: 187.86, RSI: 69.74 (<65), Stoch %D: 83.30 (<60), MACD: 4.30 vs Signal: 4.33
2025-02-09 23:11:10,366 - DEBUG EXIT: Price: 193.59, Stop: 182.73, Target: 195.78, RSI: 69.74 (>75)
2025-02-09 23:11:10,366 - SELL CREATE at 193.59, Size: 550 shares
2025-02-09 23:11:10,366 - SELL EXECUTED - Price: 194.20, Size: 550 shares, Cost: 103616.94, Comm: 106.81
2025-02-09 23:11:10,366 - DEBUG ENTRY: Price: 193.91, SMA: 188.50, RSI: 70.18 (<65), Stoch %D: 87.12 (<60), MACD: 4.33 vs Signal: 4.33
2025-02-09 23:11:10,366 - DEBUG ENTRY: Price: 195.43, SMA: 189.18, RSI: 72.24 (<65), Stoch %D: 88.99 (<60), MACD: 4.42 vs Signal: 4.35
2025-02-09 23:11:10,366 - DEBUG ENTRY: Price: 194.04, SMA: 189.78, RSI: 67.64 (<65), Stoch %D: 87.99 (<60), MACD: 4.33 vs Signal: 4.35
2025-02-09 23:11:10,366 - DEBUG ENTRY: Price: 196.45, SMA: 190.41, RSI: 71.08 (<65), Stoch %D: 87.66 (<60), MACD: 4.41 vs Signal: 4.36
2025-02-09 23:11:10,366 - DEBUG ENTRY: Price: 192.68, SMA: 190.91, RSI: 60.28 (<65), Stoch %D: 84.22 (<60), MACD: 4.11 vs Signal: 4.31
2025-02-09 23:11:10,366 - DEBUG ENTRY: Price: 206.68, SMA: 191.95, RSI: 75.31 (<65), Stoch %D: 84.78 (<60), MACD: 4.95 vs Signal: 4.44
2025-02-09 23:11:10,366 - DEBUG ENTRY: Price: 212.59, SMA: 193.23, RSI: 78.93 (<65), Stoch %D: 81.84 (<60), MACD: 6.03 vs Signal: 4.76
2025-02-09 23:11:10,366 - DEBUG ENTRY: Price: 213.76, SMA: 194.45, RSI: 79.57 (<65), Stoch %D: 84.45 (<60), MACD: 6.89 vs Signal: 5.18
2025-02-09 23:11:10,366 - DEBUG ENTRY: Price: 212.01, SMA: 195.58, RSI: 75.87 (<65), Stoch %D: 81.68 (<60), MACD: 7.35 vs Signal: 5.62
2025-02-09 23:11:10,366 - DEBUG ENTRY: Price: 216.18, SMA: 196.92, RSI: 78.45 (<65), Stoch %D: 82.31 (<60), MACD: 7.96 vs Signal: 6.09
2025-02-09 23:11:10,366 - DEBUG ENTRY: Price: 213.81, SMA: 198.08, RSI: 73.63 (<65), Stoch %D: 80.53 (<60), MACD: 8.16 vs Signal: 6.50
2025-02-09 23:11:10,366 - DEBUG ENTRY: Price: 209.21, SMA: 198.95, RSI: 65.26 (<65), Stoch %D: 80.40 (<60), MACD: 7.86 vs Signal: 6.77
2025-02-09 23:11:10,366 - DEBUG ENTRY: Price: 207.02, SMA: 199.77, RSI: 61.67 (<65), Stoch %D: 75.43 (<60), MACD: 7.35 vs Signal: 6.89
2025-02-09 23:11:10,366 - BUY CREATE at 207.02, Size: 509 shares
2025-02-09 23:11:10,367 - BUY EXECUTED - Price: 207.25, Size: 509 shares, Cost: 105491.18, Comm: 105.49
2025-02-09 23:11:10,367 - DEBUG ENTRY: Price: 207.67, SMA: 200.83, RSI: 62.33 (<65), Stoch %D: 67.96 (<60), MACD: 6.93 vs Signal: 6.90
2025-02-09 23:11:10,367 - DEBUG EXIT: Price: 207.67, Stop: 202.88, Target: 217.37, RSI: 62.33 (>75)
2025-02-09 23:11:10,367 - DEBUG ENTRY: Price: 208.60, SMA: 201.79, RSI: 63.31 (<65), Stoch %D: 61.05 (<60), MACD: 6.59 vs Signal: 6.83
2025-02-09 23:11:10,367 - DEBUG EXIT: Price: 208.60, Stop: 202.88, Target: 217.37, RSI: 63.31 (>75)
2025-02-09 23:11:10,367 - DEBUG ENTRY: Price: 212.77, SMA: 202.95, RSI: 67.40 (<65), Stoch %D: 60.17 (<60), MACD: 6.58 vs Signal: 6.78
2025-02-09 23:11:10,367 - DEBUG EXIT: Price: 212.77, Stop: 202.88, Target: 217.37, RSI: 67.40 (>75)
2025-02-09 23:11:10,367 - DEBUG ENTRY: Price: 213.62, SMA: 204.13, RSI: 68.17 (<65), Stoch %D: 64.26 (<60), MACD: 6.57 vs Signal: 6.74
2025-02-09 23:11:10,367 - DEBUG EXIT: Price: 213.62, Stop: 202.88, Target: 217.37, RSI: 68.17 (>75)
2025-02-09 23:11:10,367 - DEBUG ENTRY: Price: 210.15, SMA: 205.10, RSI: 61.69 (<65), Stoch %D: 69.52 (<60), MACD: 6.20 vs Signal: 6.63
2025-02-09 23:11:10,367 - DEBUG EXIT: Price: 210.15, Stop: 202.88, Target: 217.37, RSI: 61.69 (>75)
2025-02-09 23:11:10,367 - DEBUG ENTRY: Price: 216.26, SMA: 206.32, RSI: 67.55 (<65), Stoch %D: 73.80 (<60), MACD: 6.34 vs Signal: 6.57
2025-02-09 23:11:10,367 - DEBUG EXIT: Price: 216.26, Stop: 202.88, Target: 217.37, RSI: 67.55 (>75)
2025-02-09 23:11:10,367 - DEBUG ENTRY: Price: 219.77, SMA: 207.63, RSI: 70.35 (<65), Stoch %D: 78.06 (<60), MACD: 6.65 vs Signal: 6.59
2025-02-09 23:11:10,367 - DEBUG EXIT: Price: 219.77, Stop: 202.88, Target: 217.37, RSI: 70.35 (>75)
2025-02-09 23:11:10,367 - SELL CREATE at 219.77, Size: 509 shares
2025-02-09 23:11:10,367 - SELL EXECUTED - Price: 219.50, Size: 509 shares, Cost: 105491.18, Comm: 111.73
2025-02-09 23:11:10,367 - DEBUG ENTRY: Price: 221.05, SMA: 208.99, RSI: 71.32 (<65), Stoch %D: 85.49 (<60), MACD: 6.92 vs Signal: 6.65
2025-02-09 23:11:10,367 - DEBUG ENTRY: Price: 225.83, SMA: 210.51, RSI: 74.66 (<65), Stoch %D: 92.99 (<60), MACD: 7.43 vs Signal: 6.81
2025-02-09 23:11:10,367 - DEBUG ENTRY: Price: 227.31, SMA: 212.17, RSI: 75.60 (<65), Stoch %D: 98.24 (<60), MACD: 7.87 vs Signal: 7.02
2025-02-09 23:11:10,367 - DEBUG ENTRY: Price: 228.16, SMA: 213.76, RSI: 76.16 (<65), Stoch %D: 99.34 (<60), MACD: 8.19 vs Signal: 7.26
2025-02-09 23:11:10,367 - DEBUG ENTRY: Price: 232.45, SMA: 215.75, RSI: 78.77 (<65), Stoch %D: 99.09 (<60), MACD: 8.69 vs Signal: 7.54
2025-02-09 23:11:10,367 - DEBUG ENTRY: Price: 227.06, SMA: 216.76, RSI: 68.60 (<65), Stoch %D: 96.46 (<60), MACD: 8.55 vs Signal: 7.75
2025-02-09 23:11:10,367 - DEBUG ENTRY: Price: 230.02, SMA: 217.64, RSI: 70.83 (<65), Stoch %D: 93.47 (<60), MACD: 8.58 vs Signal: 7.91
2025-02-09 23:11:10,368 - DEBUG ENTRY: Price: 233.87, SMA: 218.64, RSI: 73.46 (<65), Stoch %D: 89.40 (<60), MACD: 8.82 vs Signal: 8.09
2025-02-09 23:11:10,368 - DEBUG ENTRY: Price: 234.29, SMA: 219.76, RSI: 73.74 (<65), Stoch %D: 88.95 (<60), MACD: 8.93 vs Signal: 8.26
2025-02-09 23:11:10,368 - DEBUG ENTRY: Price: 228.36, SMA: 220.36, RSI: 63.60 (<65), Stoch %D: 86.83 (<60), MACD: 8.45 vs Signal: 8.30
2025-02-09 23:11:10,368 - BUY CREATE at 228.36, Size: 486 shares
2025-02-09 23:11:10,368 - BUY EXECUTED - Price: 229.76, Size: 486 shares, Cost: 111663.84, Comm: 111.66
2025-02-09 23:11:10,368 - DEBUG ENTRY: Price: 223.67, SMA: 220.86, RSI: 56.93 (<65), Stoch %D: 81.48 (<60), MACD: 7.60 vs Signal: 8.16
2025-02-09 23:11:10,368 - DEBUG EXIT: Price: 223.67, Stop: 223.80, Target: 239.78, RSI: 56.93 (>75)
2025-02-09 23:11:10,368 - SELL CREATE at 223.67, Size: 486 shares
2025-02-09 23:11:10,368 - SELL EXECUTED - Price: 224.31, Size: 486 shares, Cost: 111663.84, Comm: 109.02
2025-02-09 23:11:10,368 - DEBUG ENTRY: Price: 223.80, SMA: 221.59, RSI: 57.06 (<65), Stoch %D: 70.14 (<60), MACD: 6.86 vs Signal: 7.90
2025-02-09 23:11:10,368 - DEBUG ENTRY: Price: 223.46, SMA: 222.41, RSI: 56.55 (<65), Stoch %D: 57.96 (<60), MACD: 6.17 vs Signal: 7.55
2025-02-09 23:11:10,368 - BUY CREATE at 223.46, Size: 485 shares
2025-02-09 23:11:10,368 - BUY EXECUTED - Price: 223.86, Size: 485 shares, Cost: 108574.18, Comm: 108.57
2025-02-09 23:11:10,368 - DEBUG ENTRY: Price: 224.50, SMA: 223.25, RSI: 57.77 (<65), Stoch %D: 47.98 (<60), MACD: 5.65 vs Signal: 7.17
2025-02-09 23:11:10,368 - DEBUG EXIT: Price: 224.50, Stop: 218.99, Target: 234.63, RSI: 57.77 (>75)
2025-02-09 23:11:10,368 - DEBUG ENTRY: Price: 218.05, SMA: 223.72, RSI: 48.69 (<65), Stoch %D: 38.03 (<60), MACD: 4.66 vs Signal: 6.67
2025-02-09 23:11:10,368 - DEBUG EXIT: Price: 218.05, Stop: 218.99, Target: 234.63, RSI: 48.69 (>75)
2025-02-09 23:11:10,368 - SELL CREATE at 218.05, Size: 485 shares
2025-02-09 23:11:10,368 - SELL EXECUTED - Price: 218.44, Size: 485 shares, Cost: 108574.18, Comm: 105.94
2025-02-09 23:11:10,368 - DEBUG ENTRY: Price: 217.00, SMA: 223.93, RSI: 47.39 (<65), Stoch %D: 28.26 (<60), MACD: 3.74 vs Signal: 6.08
2025-02-09 23:11:10,368 - DEBUG ENTRY: Price: 217.47, SMA: 224.13, RSI: 48.06 (<65), Stoch %D: 18.55 (<60), MACD: 3.02 vs Signal: 5.47
2025-02-09 23:11:10,368 - DEBUG ENTRY: Price: 217.75, SMA: 224.51, RSI: 48.48 (<65), Stoch %D: 14.50 (<60), MACD: 2.45 vs Signal: 4.87
2025-02-09 23:11:10,368 - DEBUG ENTRY: Price: 218.31, SMA: 224.61, RSI: 49.36 (<65), Stoch %D: 14.14 (<60), MACD: 2.01 vs Signal: 4.30
2025-02-09 23:11:10,369 - DEBUG ENTRY: Price: 221.58, SMA: 224.70, RSI: 54.30 (<65), Stoch %D: 17.80 (<60), MACD: 1.91 vs Signal: 3.82
2025-02-09 23:11:10,369 - DEBUG ENTRY: Price: 217.87, SMA: 224.54, RSI: 48.52 (<65), Stoch %D: 20.53 (<60), MACD: 1.51 vs Signal: 3.36
2025-02-09 23:11:10,369 - DEBUG ENTRY: Price: 219.36, SMA: 224.22, RSI: 50.80 (<65), Stoch %D: 23.25 (<60), MACD: 1.30 vs Signal: 2.95
2025-02-09 23:11:10,369 - DEBUG ENTRY: Price: 208.80, SMA: 223.29, RSI: 38.02 (<65), Stoch %D: 24.44 (<60), MACD: 0.28 vs Signal: 2.41
2025-02-09 23:11:10,369 - DEBUG ENTRY: Price: 206.76, SMA: 222.22, RSI: 36.14 (<65), Stoch %D: 27.35 (<60), MACD: -0.69 vs Signal: 1.79
2025-02-09 23:11:10,369 - DEBUG ENTRY: Price: 209.35, SMA: 221.07, RSI: 40.19 (<65), Stoch %D: 31.77 (<60), MACD: -1.23 vs Signal: 1.19
2025-02-09 23:11:10,369 - DEBUG ENTRY: Price: 212.83, SMA: 220.36, RSI: 45.24 (<65), Stoch %D: 37.59 (<60), MACD: -1.37 vs Signal: 0.68
2025-02-09 23:11:10,369 - DEBUG ENTRY: Price: 215.75, SMA: 219.64, RSI: 49.12 (<65), Stoch %D: 45.27 (<60), MACD: -1.22 vs Signal: 0.30
2025-02-09 23:11:10,369 - DEBUG ENTRY: Price: 217.29, SMA: 218.81, RSI: 51.08 (<65), Stoch %D: 54.16 (<60), MACD: -0.97 vs Signal: 0.04
2025-02-09 23:11:10,369 - DEBUG ENTRY: Price: 221.03, SMA: 218.15, RSI: 55.57 (<65), Stoch %D: 64.68 (<60), MACD: -0.47 vs Signal: -0.06
2025-02-09 23:11:10,369 - DEBUG ENTRY: Price: 221.48, SMA: 217.81, RSI: 56.09 (<65), Stoch %D: 74.03 (<60), MACD: -0.03 vs Signal: -0.05
2025-02-09 23:11:10,369 - BUY CREATE at 221.48, Size: 477 shares
2025-02-09 23:11:10,369 - BUY EXECUTED - Price: 224.35, Size: 477 shares, Cost: 107016.46, Comm: 107.02
2025-02-09 23:11:10,369 - DEBUG ENTRY: Price: 224.47, SMA: 217.85, RSI: 59.51 (<65), Stoch %D: 82.74 (<60), MACD: 0.55 vs Signal: 0.07
2025-02-09 23:11:10,369 - DEBUG EXIT: Price: 224.47, Stop: 217.05, Target: 232.55, RSI: 59.51 (>75)
2025-02-09 23:11:10,369 - DEBUG ENTRY: Price: 225.80, SMA: 217.94, RSI: 60.96 (<65), Stoch %D: 89.17 (<60), MACD: 1.11 vs Signal: 0.28
2025-02-09 23:11:10,369 - DEBUG EXIT: Price: 225.80, Stop: 217.05, Target: 232.55, RSI: 60.96 (>75)
2025-02-09 23:11:10,369 - DEBUG ENTRY: Price: 225.64, SMA: 218.05, RSI: 60.67 (<65), Stoch %D: 94.15 (<60), MACD: 1.52 vs Signal: 0.52
2025-02-09 23:11:10,369 - DEBUG EXIT: Price: 225.64, Stop: 217.05, Target: 232.55, RSI: 60.67 (>75)
2025-02-09 23:11:10,369 - DEBUG ENTRY: Price: 226.26, SMA: 218.14, RSI: 61.42 (<65), Stoch %D: 96.42 (<60), MACD: 1.87 vs Signal: 0.79
2025-02-09 23:11:10,369 - DEBUG EXIT: Price: 226.26, Stop: 217.05, Target: 232.55, RSI: 61.42 (>75)
2025-02-09 23:11:10,369 - DEBUG ENTRY: Price: 226.15, SMA: 218.55, RSI: 61.20 (<65), Stoch %D: 97.18 (<60), MACD: 2.12 vs Signal: 1.06
2025-02-09 23:11:10,369 - DEBUG EXIT: Price: 226.15, Stop: 217.05, Target: 232.55, RSI: 61.20 (>75)
2025-02-09 23:11:10,369 - DEBUG ENTRY: Price: 224.28, SMA: 218.91, RSI: 57.41 (<65), Stoch %D: 95.96 (<60), MACD: 2.14 vs Signal: 1.27
2025-02-09 23:11:10,369 - DEBUG EXIT: Price: 224.28, Stop: 217.05, Target: 232.55, RSI: 57.41 (>75)
2025-02-09 23:11:10,369 - DEBUG ENTRY: Price: 226.59, SMA: 219.37, RSI: 60.65 (<65), Stoch %D: 94.36 (<60), MACD: 2.31 vs Signal: 1.48
2025-02-09 23:11:10,369 - DEBUG EXIT: Price: 226.59, Stop: 217.05, Target: 232.55, RSI: 60.65 (>75)
2025-02-09 23:11:10,369 - DEBUG ENTRY: Price: 226.93, SMA: 219.83, RSI: 61.12 (<65), Stoch %D: 92.98 (<60), MACD: 2.45 vs Signal: 1.67
2025-02-09 23:11:10,369 - DEBUG EXIT: Price: 226.93, Stop: 217.05, Target: 232.55, RSI: 61.12 (>75)
2025-02-09 23:11:10,370 - DEBUG ENTRY: Price: 227.78, SMA: 220.30, RSI: 62.32 (<65), Stoch %D: 93.43 (<60), MACD: 2.60 vs Signal: 1.86
2025-02-09 23:11:10,370 - DEBUG EXIT: Price: 227.78, Stop: 217.05, Target: 232.55, RSI: 62.32 (>75)
2025-02-09 23:11:10,370 - DEBUG ENTRY: Price: 226.24, SMA: 220.53, RSI: 58.77 (<65), Stoch %D: 92.78 (<60), MACD: 2.56 vs Signal: 2.00
2025-02-09 23:11:10,370 - DEBUG EXIT: Price: 226.24, Stop: 217.05, Target: 232.55, RSI: 58.77 (>75)
2025-02-09 23:11:10,370 - DEBUG ENTRY: Price: 229.54, SMA: 221.12, RSI: 63.57 (<65), Stoch %D: 90.75 (<60), MACD: 2.77 vs Signal: 2.15
2025-02-09 23:11:10,370 - DEBUG EXIT: Price: 229.54, Stop: 217.05, Target: 232.55, RSI: 63.57 (>75)
2025-02-09 23:11:10,370 - DEBUG ENTRY: Price: 228.75, SMA: 221.59, RSI: 61.71 (<65), Stoch %D: 85.18 (<60), MACD: 2.83 vs Signal: 2.29
2025-02-09 23:11:10,370 - DEBUG EXIT: Price: 228.75, Stop: 217.05, Target: 232.55, RSI: 61.71 (>75)
2025-02-09 23:11:10,370 - DEBUG ENTRY: Price: 222.53, SMA: 222.27, RSI: 49.47 (<65), Stoch %D: 74.60 (<60), MACD: 2.36 vs Signal: 2.30
2025-02-09 23:11:10,370 - DEBUG EXIT: Price: 222.53, Stop: 217.05, Target: 232.55, RSI: 49.47 (>75)
2025-02-09 23:11:10,370 - DEBUG ENTRY: Price: 220.61, SMA: 222.96, RSI: 46.41 (<65), Stoch %D: 58.78 (<60), MACD: 1.80 vs Signal: 2.20
2025-02-09 23:11:10,370 - DEBUG EXIT: Price: 220.61, Stop: 217.05, Target: 232.55, RSI: 46.41 (>75)
2025-02-09 23:11:10,370 - DEBUG ENTRY: Price: 222.14, SMA: 223.60, RSI: 49.11 (<65), Stoch %D: 41.18 (<60), MACD: 1.47 vs Signal: 2.06
2025-02-09 23:11:10,370 - DEBUG EXIT: Price: 222.14, Stop: 217.05, Target: 232.55, RSI: 49.11 (>75)
2025-02-09 23:11:10,370 - DEBUG ENTRY: Price: 220.58, SMA: 223.99, RSI: 46.54 (<65), Stoch %D: 29.87 (<60), MACD: 1.07 vs Signal: 1.86
2025-02-09 23:11:10,370 - DEBUG EXIT: Price: 220.58, Stop: 217.05, Target: 232.55, RSI: 46.54 (>75)
2025-02-09 23:11:10,370 - DEBUG ENTRY: Price: 220.67, SMA: 224.24, RSI: 46.71 (<65), Stoch %D: 25.70 (<60), MACD: 0.75 vs Signal: 1.64
2025-02-09 23:11:10,370 - DEBUG EXIT: Price: 220.67, Stop: 217.05, Target: 232.55, RSI: 46.71 (>75)
2025-02-09 23:11:10,370 - DEBUG ENTRY: Price: 219.87, SMA: 224.37, RSI: 45.30 (<65), Stoch %D: 24.78 (<60), MACD: 0.43 vs Signal: 1.39
2025-02-09 23:11:10,370 - DEBUG EXIT: Price: 219.87, Stop: 217.05, Target: 232.55, RSI: 45.30 (>75)
2025-02-09 23:11:10,370 - DEBUG ENTRY: Price: 222.42, SMA: 224.44, RSI: 50.43 (<65), Stoch %D: 25.71 (<60), MACD: 0.37 vs Signal: 1.19
2025-02-09 23:11:10,370 - DEBUG EXIT: Price: 222.42, Stop: 217.05, Target: 232.55, RSI: 50.43 (>75)
2025-02-09 23:11:10,370 - DEBUG ENTRY: Price: 222.53, SMA: 224.49, RSI: 50.65 (<65), Stoch %D: 27.46 (<60), MACD: 0.33 vs Signal: 1.02
2025-02-09 23:11:10,370 - DEBUG EXIT: Price: 222.53, Stop: 217.05, Target: 232.55, RSI: 50.65 (>75)
2025-02-09 23:11:10,370 - DEBUG ENTRY: Price: 222.26, SMA: 224.38, RSI: 50.07 (<65), Stoch %D: 32.05 (<60), MACD: 0.28 vs Signal: 0.87
2025-02-09 23:11:10,370 - DEBUG EXIT: Price: 222.26, Stop: 217.05, Target: 232.55, RSI: 50.07 (>75)
2025-02-09 23:11:10,370 - DEBUG ENTRY: Price: 216.08, SMA: 223.89, RSI: 39.14 (<65), Stoch %D: 32.29 (<60), MACD: -0.26 vs Signal: 0.65
2025-02-09 23:11:10,370 - DEBUG EXIT: Price: 216.08, Stop: 217.05, Target: 232.55, RSI: 39.14 (>75)
2025-02-09 23:11:10,370 - SELL CREATE at 216.08, Size: 477 shares
2025-02-09 23:11:10,370 - SELL EXECUTED - Price: 215.51, Size: 477 shares, Cost: 107016.46, Comm: 102.80
2025-02-09 23:11:10,370 - DEBUG ENTRY: Price: 216.55, SMA: 223.44, RSI: 40.21 (<65), Stoch %D: 28.78 (<60), MACD: -0.64 vs Signal: 0.39
2025-02-09 23:11:10,370 - DEBUG ENTRY: Price: 220.45, SMA: 223.15, RSI: 48.32 (<65), Stoch %D: 23.62 (<60), MACD: -0.62 vs Signal: 0.19
2025-02-09 23:11:10,370 - DEBUG ENTRY: Price: 228.62, SMA: 223.27, RSI: 60.44 (<65), Stoch %D: 29.81 (<60), MACD: 0.05 vs Signal: 0.16
2025-02-09 23:11:10,370 - BUY CREATE at 228.62, Size: 443 shares
2025-02-09 23:11:10,370 - BUY EXECUTED - Price: 229.72, Size: 443 shares, Cost: 101764.75, Comm: 101.76
2025-02-09 23:11:10,371 - DEBUG ENTRY: Price: 227.95, SMA: 223.45, RSI: 59.22 (<65), Stoch %D: 45.07 (<60), MACD: 0.53 vs Signal: 0.23
2025-02-09 23:11:10,371 - DEBUG EXIT: Price: 227.95, Stop: 224.05, Target: 240.05, RSI: 59.22 (>75)
2025-02-09 23:11:10,371 - DEBUG ENTRY: Price: 226.22, SMA: 223.43, RSI: 56.06 (<65), Stoch %D: 63.66 (<60), MACD: 0.75 vs Signal: 0.34
2025-02-09 23:11:10,371 - DEBUG EXIT: Price: 226.22, Stop: 224.05, Target: 240.05, RSI: 56.06 (>75)
2025-02-09 23:11:10,371 - DEBUG ENTRY: Price: 227.12, SMA: 223.44, RSI: 57.33 (<65), Stoch %D: 71.29 (<60), MACD: 0.99 vs Signal: 0.47
2025-02-09 23:11:10,371 - DEBUG EXIT: Price: 227.12, Stop: 224.05, Target: 240.05, RSI: 57.33 (>75)
2025-02-09 23:11:10,371 - DEBUG ENTRY: Price: 226.12, SMA: 223.36, RSI: 55.41 (<65), Stoch %D: 71.26 (<60), MACD: 1.09 vs Signal: 0.59
2025-02-09 23:11:10,371 - DEBUG EXIT: Price: 226.12, Stop: 224.05, Target: 240.05, RSI: 55.41 (>75)
2025-02-09 23:11:10,371 - DEBUG ENTRY: Price: 227.27, SMA: 223.41, RSI: 57.19 (<65), Stoch %D: 68.53 (<60), MACD: 1.25 vs Signal: 0.72
2025-02-09 23:11:10,371 - DEBUG EXIT: Price: 227.27, Stop: 224.05, Target: 240.05, RSI: 57.19 (>75)
2025-02-09 23:11:10,371 - DEBUG ENTRY: Price: 227.54, SMA: 223.31, RSI: 57.62 (<65), Stoch %D: 68.32 (<60), MACD: 1.38 vs Signal: 0.85
2025-02-09 23:11:10,371 - DEBUG EXIT: Price: 227.54, Stop: 224.05, Target: 240.05, RSI: 57.62 (>75)
2025-02-09 23:11:10,371 - DEBUG ENTRY: Price: 232.74, SMA: 223.51, RSI: 64.90 (<65), Stoch %D: 73.01 (<60), MACD: 1.88 vs Signal: 1.06
2025-02-09 23:11:10,371 - DEBUG EXIT: Price: 232.74, Stop: 224.05, Target: 240.05, RSI: 64.90 (>75)
2025-02-09 23:11:10,371 - DEBUG ENTRY: Price: 225.96, SMA: 223.68, RSI: 52.29 (<65), Stoch %D: 76.34 (<60), MACD: 1.71 vs Signal: 1.19
2025-02-09 23:11:10,371 - DEBUG EXIT: Price: 225.96, Stop: 224.05, Target: 240.05, RSI: 52.29 (>75)
2025-02-09 23:11:10,371 - DEBUG ENTRY: Price: 226.53, SMA: 223.98, RSI: 53.11 (<65), Stoch %D: 78.84 (<60), MACD: 1.60 vs Signal: 1.27
2025-02-09 23:11:10,371 - DEBUG EXIT: Price: 226.53, Stop: 224.05, Target: 240.05, RSI: 53.11 (>75)
2025-02-09 23:11:10,371 - DEBUG ENTRY: Price: 225.42, SMA: 224.14, RSI: 51.25 (<65), Stoch %D: 73.25 (<60), MACD: 1.41 vs Signal: 1.30
2025-02-09 23:11:10,371 - DEBUG EXIT: Price: 225.42, Stop: 224.05, Target: 240.05, RSI: 51.25 (>75)
2025-02-09 23:11:10,371 - DEBUG ENTRY: Price: 226.55, SMA: 224.44, RSI: 53.05 (<65), Stoch %D: 68.64 (<60), MACD: 1.34 vs Signal: 1.31
2025-02-09 23:11:10,371 - DEBUG EXIT: Price: 226.55, Stop: 224.05, Target: 240.05, RSI: 53.05 (>75)
2025-02-09 23:11:10,371 - DEBUG ENTRY: Price: 221.45, SMA: 224.48, RSI: 44.97 (<65), Stoch %D: 60.13 (<60), MACD: 0.85 vs Signal: 1.22
2025-02-09 23:11:10,371 - DEBUG EXIT: Price: 221.45, Stop: 224.05, Target: 240.05, RSI: 44.97 (>75)
2025-02-09 23:11:10,371 - SELL CREATE at 221.45, Size: 443 shares
2025-02-09 23:11:10,371 - SELL EXECUTED - Price: 224.05, Size: 443 shares, Cost: 101764.75, Comm: 99.26
2025-02-09 23:11:10,371 - DEBUG ENTRY: Price: 225.52, SMA: 224.76, RSI: 51.34 (<65), Stoch %D: 53.26 (<60), MACD: 0.79 vs Signal: 1.13
2025-02-09 23:11:10,371 - BUY CREATE at 225.52, Size: 438 shares
2025-02-09 23:11:10,371 - BUY EXECUTED - Price: 224.98, Size: 438 shares, Cost: 98542.32, Comm: 98.54
2025-02-09 23:11:10,371 - DEBUG ENTRY: Price: 229.29, SMA: 225.11, RSI: 56.37 (<65), Stoch %D: 46.56 (<60), MACD: 1.03 vs Signal: 1.11
2025-02-09 23:11:10,371 - DEBUG EXIT: Price: 229.29, Stop: 221.01, Target: 236.80, RSI: 56.37 (>75)
2025-02-09 23:11:10,371 - DEBUG ENTRY: Price: 228.79, SMA: 225.42, RSI: 55.55 (<65), Stoch %D: 48.72 (<60), MACD: 1.17 vs Signal: 1.12
2025-02-09 23:11:10,371 - DEBUG EXIT: Price: 228.79, Stop: 221.01, Target: 236.80, RSI: 55.55 (>75)
2025-02-09 23:11:10,371 - DEBUG ENTRY: Price: 227.30, SMA: 225.67, RSI: 53.08 (<65), Stoch %D: 55.23 (<60), MACD: 1.15 vs Signal: 1.13
2025-02-09 23:11:10,371 - DEBUG EXIT: Price: 227.30, Stop: 221.01, Target: 236.80, RSI: 53.08 (>75)
2025-02-09 23:11:10,372 - DEBUG ENTRY: Price: 231.05, SMA: 226.42, RSI: 58.14 (<65), Stoch %D: 63.07 (<60), MACD: 1.42 vs Signal: 1.19
2025-02-09 23:11:10,372 - DEBUG EXIT: Price: 231.05, Stop: 221.01, Target: 236.80, RSI: 58.14 (>75)
2025-02-09 23:11:10,372 - DEBUG ENTRY: Price: 233.59, SMA: 227.27, RSI: 61.20 (<65), Stoch %D: 67.80 (<60), MACD: 1.81 vs Signal: 1.31
2025-02-09 23:11:10,372 - DEBUG EXIT: Price: 233.59, Stop: 221.01, Target: 236.80, RSI: 61.20 (>75)
2025-02-09 23:11:10,372 - DEBUG ENTRY: Price: 231.53, SMA: 227.83, RSI: 57.52 (<65), Stoch %D: 72.06 (<60), MACD: 1.94 vs Signal: 1.44
2025-02-09 23:11:10,372 - DEBUG EXIT: Price: 231.53, Stop: 221.01, Target: 236.80, RSI: 57.52 (>75)
2025-02-09 23:11:10,372 - DEBUG ENTRY: Price: 231.89, SMA: 227.99, RSI: 58.01 (<65), Stoch %D: 72.54 (<60), MACD: 2.04 vs Signal: 1.56
2025-02-09 23:11:10,372 - DEBUG EXIT: Price: 231.89, Stop: 221.01, Target: 236.80, RSI: 58.01 (>75)
2025-02-09 23:11:10,372 - DEBUG ENTRY: Price: 234.74, SMA: 228.33, RSI: 61.65 (<65), Stoch %D: 72.54 (<60), MACD: 2.33 vs Signal: 1.71
2025-02-09 23:11:10,372 - DEBUG EXIT: Price: 234.74, Stop: 221.01, Target: 236.80, RSI: 61.65 (>75)
2025-02-09 23:11:10,372 - DEBUG ENTRY: Price: 236.22, SMA: 228.83, RSI: 63.42 (<65), Stoch %D: 74.51 (<60), MACD: 2.65 vs Signal: 1.90
2025-02-09 23:11:10,372 - DEBUG EXIT: Price: 236.22, Stop: 221.01, Target: 236.80, RSI: 63.42 (>75)
2025-02-09 23:11:10,372 - DEBUG ENTRY: Price: 235.60, SMA: 229.26, RSI: 62.12 (<65), Stoch %D: 81.08 (<60), MACD: 2.81 vs Signal: 2.08
2025-02-09 23:11:10,372 - DEBUG EXIT: Price: 235.60, Stop: 221.01, Target: 236.80, RSI: 62.12 (>75)
2025-02-09 23:11:10,372 - DEBUG ENTRY: Price: 230.51, SMA: 229.47, RSI: 52.60 (<65), Stoch %D: 83.95 (<60), MACD: 2.51 vs Signal: 2.17
2025-02-09 23:11:10,372 - DEBUG EXIT: Price: 230.51, Stop: 221.01, Target: 236.80, RSI: 52.60 (>75)
2025-02-09 23:11:10,372 - DEBUG ENTRY: Price: 230.32, SMA: 229.63, RSI: 52.28 (<65), Stoch %D: 79.52 (<60), MACD: 2.22 vs Signal: 2.18
2025-02-09 23:11:10,372 - DEBUG EXIT: Price: 230.32, Stop: 221.01, Target: 236.80, RSI: 52.28 (>75)
2025-02-09 23:11:10,372 - DEBUG ENTRY: Price: 231.16, SMA: 229.81, RSI: 53.63 (<65), Stoch %D: 68.92 (<60), MACD: 2.04 vs Signal: 2.15
2025-02-09 23:11:10,372 - DEBUG EXIT: Price: 231.16, Stop: 221.01, Target: 236.80, RSI: 53.63 (>75)
2025-02-09 23:11:10,372 - DEBUG ENTRY: Price: 233.14, SMA: 229.83, RSI: 56.75 (<65), Stoch %D: 62.27 (<60), MACD: 2.04 vs Signal: 2.13
2025-02-09 23:11:10,372 - DEBUG EXIT: Price: 233.14, Stop: 221.01, Target: 236.80, RSI: 56.75 (>75)
2025-02-09 23:11:10,372 - DEBUG ENTRY: Price: 233.41, SMA: 230.20, RSI: 57.17 (<65), Stoch %D: 60.33 (<60), MACD: 2.03 vs Signal: 2.11
2025-02-09 23:11:10,372 - DEBUG EXIT: Price: 233.41, Stop: 221.01, Target: 236.80, RSI: 57.17 (>75)
2025-02-09 23:11:10,372 - DEBUG ENTRY: Price: 229.85, SMA: 230.37, RSI: 50.21 (<65), Stoch %D: 58.67 (<60), MACD: 1.72 vs Signal: 2.03
2025-02-09 23:11:10,372 - DEBUG EXIT: Price: 229.85, Stop: 221.01, Target: 236.80, RSI: 50.21 (>75)
2025-02-09 23:11:10,372 - DEBUG ENTRY: Price: 225.66, SMA: 230.38, RSI: 43.51 (<65), Stoch %D: 48.94 (<60), MACD: 1.12 vs Signal: 1.85
2025-02-09 23:11:10,372 - DEBUG EXIT: Price: 225.66, Stop: 221.01, Target: 236.80, RSI: 43.51 (>75)
2025-02-09 23:11:10,372 - DEBUG ENTRY: Price: 222.67, SMA: 230.18, RSI: 39.46 (<65), Stoch %D: 33.28 (<60), MACD: 0.40 vs Signal: 1.56
2025-02-09 23:11:10,372 - DEBUG EXIT: Price: 222.67, Stop: 221.01, Target: 236.80, RSI: 39.46 (>75)
2025-02-09 23:11:10,372 - DEBUG ENTRY: Price: 221.77, SMA: 230.20, RSI: 38.30 (<65), Stoch %D: 19.42 (<60), MACD: -0.24 vs Signal: 1.20
2025-02-09 23:11:10,372 - DEBUG EXIT: Price: 221.77, Stop: 221.01, Target: 236.80, RSI: 38.30 (>75)
2025-02-09 23:11:10,372 - DEBUG ENTRY: Price: 223.20, SMA: 230.08, RSI: 41.26 (<65), Stoch %D: 14.53 (<60), MACD: -0.63 vs Signal: 0.83
2025-02-09 23:11:10,372 - DEBUG EXIT: Price: 223.20, Stop: 221.01, Target: 236.80, RSI: 41.26 (>75)
2025-02-09 23:11:10,372 - DEBUG ENTRY: Price: 222.48, SMA: 229.74, RSI: 40.21 (<65), Stoch %D: 15.18 (<60), MACD: -0.98 vs Signal: 0.47
2025-02-09 23:11:10,372 - DEBUG EXIT: Price: 222.48, Stop: 221.01, Target: 236.80, RSI: 40.21 (>75)
2025-02-09 23:11:10,372 - DEBUG ENTRY: Price: 227.23, SMA: 229.67, RSI: 49.30 (<65), Stoch %D: 20.90 (<60), MACD: -0.87 vs Signal: 0.20
2025-02-09 23:11:10,372 - DEBUG EXIT: Price: 227.23, Stop: 221.01, Target: 236.80, RSI: 49.30 (>75)
2025-02-09 23:11:10,372 - DEBUG ENTRY: Price: 226.96, SMA: 229.65, RSI: 48.84 (<65), Stoch %D: 27.31 (<60), MACD: -0.79 vs Signal: 0.00
2025-02-09 23:11:10,372 - DEBUG EXIT: Price: 226.96, Stop: 221.01, Target: 236.80, RSI: 48.84 (>75)
2025-02-09 23:11:10,372 - DEBUG ENTRY: Price: 224.23, SMA: 229.31, RSI: 44.39 (<65), Stoch %D: 34.96 (<60), MACD: -0.94 vs Signal: -0.18
2025-02-09 23:11:10,373 - DEBUG EXIT: Price: 224.23, Stop: 221.01, Target: 236.80, RSI: 44.39 (>75)
2025-02-09 23:11:10,373 - DEBUG ENTRY: Price: 224.23, SMA: 228.84, RSI: 44.39 (<65), Stoch %D: 37.56 (<60), MACD: -1.04 vs Signal: -0.36
2025-02-09 23:11:10,373 - DEBUG EXIT: Price: 224.23, Stop: 221.01, Target: 236.80, RSI: 44.39 (>75)
2025-02-09 23:11:10,373 - DEBUG ENTRY: Price: 225.12, SMA: 228.52, RSI: 46.24 (<65), Stoch %D: 36.67 (<60), MACD: -1.04 vs Signal: -0.49
2025-02-09 23:11:10,373 - DEBUG EXIT: Price: 225.12, Stop: 221.01, Target: 236.80, RSI: 46.24 (>75)
2025-02-09 23:11:10,373 - DEBUG ENTRY: Price: 228.22, SMA: 228.34, RSI: 52.21 (<65), Stoch %D: 37.34 (<60), MACD: -0.78 vs Signal: -0.55
2025-02-09 23:11:10,373 - DEBUG EXIT: Price: 228.22, Stop: 221.01, Target: 236.80, RSI: 52.21 (>75)
2025-02-09 23:11:10,373 - DEBUG ENTRY: Price: 225.00, SMA: 227.85, RSI: 46.44 (<65), Stoch %D: 40.21 (<60), MACD: -0.83 vs Signal: -0.61
2025-02-09 23:11:10,373 - DEBUG EXIT: Price: 225.00, Stop: 221.01, Target: 236.80, RSI: 46.44 (>75)
2025-02-09 23:11:10,373 - DEBUG ENTRY: Price: 228.02, SMA: 227.44, RSI: 51.82 (<65), Stoch %D: 46.67 (<60), MACD: -0.61 vs Signal: -0.61
2025-02-09 23:11:10,373 - DEBUG EXIT: Price: 228.02, Stop: 221.01, Target: 236.80, RSI: 51.82 (>75)
2025-02-09 23:11:10,373 - DEBUG ENTRY: Price: 228.28, SMA: 227.07, RSI: 52.27 (<65), Stoch %D: 52.76 (<60), MACD: -0.41 vs Signal: -0.57
2025-02-09 23:11:10,373 - DEBUG EXIT: Price: 228.28, Stop: 221.01, Target: 236.80, RSI: 52.27 (>75)
2025-02-09 23:11:10,373 - DEBUG ENTRY: Price: 229.00, SMA: 227.00, RSI: 53.54 (<65), Stoch %D: 63.86 (<60), MACD: -0.20 vs Signal: -0.49
2025-02-09 23:11:10,373 - DEBUG EXIT: Price: 229.00, Stop: 221.01, Target: 236.80, RSI: 53.54 (>75)
2025-02-09 23:11:10,373 - DEBUG ENTRY: Price: 228.52, SMA: 226.91, RSI: 52.53 (<65), Stoch %D: 74.72 (<60), MACD: -0.07 vs Signal: -0.41
2025-02-09 23:11:10,373 - DEBUG EXIT: Price: 228.52, Stop: 221.01, Target: 236.80, RSI: 52.53 (>75)
2025-02-09 23:11:10,373 - DEBUG ENTRY: Price: 229.87, SMA: 226.84, RSI: 55.10 (<65), Stoch %D: 83.91 (<60), MACD: 0.15 vs Signal: -0.30
2025-02-09 23:11:10,373 - DEBUG EXIT: Price: 229.87, Stop: 221.01, Target: 236.80, RSI: 55.10 (>75)
2025-02-09 23:11:10,373 - DEBUG ENTRY: Price: 232.87, SMA: 226.83, RSI: 60.24 (<65), Stoch %D: 88.26 (<60), MACD: 0.55 vs Signal: -0.13
2025-02-09 23:11:10,373 - DEBUG EXIT: Price: 232.87, Stop: 221.01, Target: 236.80, RSI: 60.24 (>75)
2025-02-09 23:11:10,373 - DEBUG ENTRY: Price: 235.06, SMA: 226.91, RSI: 63.52 (<65), Stoch %D: 91.41 (<60), MACD: 1.04 vs Signal: 0.11
2025-02-09 23:11:10,373 - DEBUG EXIT: Price: 235.06, Stop: 221.01, Target: 236.80, RSI: 63.52 (>75)
2025-02-09 23:11:10,373 - DEBUG ENTRY: Price: 234.93, SMA: 227.17, RSI: 63.19 (<65), Stoch %D: 93.94 (<60), MACD: 1.40 vs Signal: 0.36
2025-02-09 23:11:10,373 - DEBUG EXIT: Price: 234.93, Stop: 221.01, Target: 236.80, RSI: 63.19 (>75)
2025-02-09 23:11:10,373 - DEBUG ENTRY: Price: 237.33, SMA: 227.75, RSI: 66.67 (<65), Stoch %D: 95.63 (<60), MACD: 1.85 vs Signal: 0.66
2025-02-09 23:11:10,373 - DEBUG EXIT: Price: 237.33, Stop: 221.01, Target: 236.80, RSI: 66.67 (>75)
2025-02-09 23:11:10,373 - SELL CREATE at 237.33, Size: 438 shares
2025-02-09 23:11:10,373 - SELL EXECUTED - Price: 237.27, Size: 438 shares, Cost: 98542.32, Comm: 103.92
2025-02-09 23:11:10,373 - DEBUG ENTRY: Price: 239.59, SMA: 228.60, RSI: 69.59 (<65), Stoch %D: 95.67 (<60), MACD: 2.37 vs Signal: 1.00
2025-02-09 23:11:10,373 - DEBUG ENTRY: Price: 242.65, SMA: 229.64, RSI: 73.03 (<65), Stoch %D: 95.89 (<60), MACD: 2.99 vs Signal: 1.40
2025-02-09 23:11:10,373 - DEBUG ENTRY: Price: 243.01, SMA: 230.63, RSI: 73.41 (<65), Stoch %D: 95.79 (<60), MACD: 3.47 vs Signal: 1.81
2025-02-09 23:11:10,373 - DEBUG ENTRY: Price: 243.04, SMA: 231.66, RSI: 73.44 (<65), Stoch %D: 95.96 (<60), MACD: 3.81 vs Signal: 2.21
2025-02-09 23:11:10,373 - DEBUG ENTRY: Price: 242.84, SMA: 232.44, RSI: 72.78 (<65), Stoch %D: 94.62 (<60), MACD: 4.02 vs Signal: 2.57
2025-02-09 23:11:10,373 - DEBUG ENTRY: Price: 246.75, SMA: 233.43, RSI: 77.12 (<65), Stoch %D: 93.94 (<60), MACD: 4.45 vs Signal: 2.95
2025-02-09 23:11:10,373 - DEBUG ENTRY: Price: 247.77, SMA: 234.60, RSI: 78.10 (<65), Stoch %D: 93.95 (<60), MACD: 4.81 vs Signal: 3.32
2025-02-09 23:11:10,374 - DEBUG ENTRY: Price: 246.49, SMA: 235.72, RSI: 73.82 (<65), Stoch %D: 94.03 (<60), MACD: 4.94 vs Signal: 3.65
2025-02-09 23:11:10,374 - DEBUG ENTRY: Price: 247.96, SMA: 236.86, RSI: 75.48 (<65), Stoch %D: 92.62 (<60), MACD: 5.11 vs Signal: 3.94
2025-02-09 23:11:10,374 - DEBUG ENTRY: Price: 248.13, SMA: 237.86, RSI: 75.68 (<65), Stoch %D: 89.40 (<60), MACD: 5.19 vs Signal: 4.19
2025-02-09 23:11:10,374 - DEBUG ENTRY: Price: 251.04, SMA: 239.16, RSI: 78.75 (<65), Stoch %D: 88.78 (<60), MACD: 5.43 vs Signal: 4.44
2025-02-09 23:11:10,374 - DEBUG ENTRY: Price: 253.48, SMA: 240.43, RSI: 80.92 (<65), Stoch %D: 90.48 (<60), MACD: 5.75 vs Signal: 4.70
2025-02-09 23:11:10,374 - DEBUG ENTRY: Price: 248.05, SMA: 241.42, RSI: 64.98 (<65), Stoch %D: 91.37 (<60), MACD: 5.50 vs Signal: 4.86
2025-02-09 23:11:10,374 - BUY CREATE at 248.05, Size: 418 shares
2025-02-09 23:11:10,374 - BUY EXECUTED - Price: 247.50, Size: 418 shares, Cost: 103455.00, Comm: 103.45
2025-02-09 23:11:10,374 - DEBUG ENTRY: Price: 249.79, SMA: 242.46, RSI: 67.21 (<65), Stoch %D: 87.86 (<60), MACD: 5.38 vs Signal: 4.96
2025-02-09 23:11:10,374 - DEBUG EXIT: Price: 249.79, Stop: 243.09, Target: 260.45, RSI: 67.21 (>75)
2025-02-09 23:11:10,374 - DEBUG ENTRY: Price: 254.49, SMA: 243.76, RSI: 72.33 (<65), Stoch %D: 83.00 (<60), MACD: 5.60 vs Signal: 5.09
2025-02-09 23:11:10,374 - DEBUG EXIT: Price: 254.49, Stop: 243.09, Target: 260.45, RSI: 72.33 (>75)
2025-02-09 23:11:10,374 - DEBUG ENTRY: Price: 255.27, SMA: 245.03, RSI: 73.09 (<65), Stoch %D: 83.25 (<60), MACD: 5.77 vs Signal: 5.23
2025-02-09 23:11:10,374 - DEBUG EXIT: Price: 255.27, Stop: 243.09, Target: 260.45, RSI: 73.09 (>75)
2025-02-09 23:11:10,374 - DEBUG ENTRY: Price: 258.20, SMA: 246.29, RSI: 75.75 (<65), Stoch %D: 89.11 (<60), MACD: 6.07 vs Signal: 5.40
2025-02-09 23:11:10,374 - DEBUG EXIT: Price: 258.20, Stop: 243.09, Target: 260.45, RSI: 75.75 (>75)
2025-02-09 23:11:10,374 - SELL CREATE at 258.20, Size: 418 shares
2025-02-09 23:11:10,374 - SELL EXECUTED - Price: 258.19, Size: 418 shares, Cost: 103455.00, Comm: 107.92
2025-02-09 23:11:10,374 - DEBUG ENTRY: Price: 259.02, SMA: 247.49, RSI: 76.45 (<65), Stoch %D: 94.83 (<60), MACD: 6.31 vs Signal: 5.58
2025-02-09 23:11:10,374 - DEBUG ENTRY: Price: 255.59, SMA: 248.52, RSI: 67.63 (<65), Stoch %D: 95.00 (<60), MACD: 6.14 vs Signal: 5.69
2025-02-09 23:11:10,374 - DEBUG ENTRY: Price: 252.20, SMA: 249.27, RSI: 60.23 (<65), Stoch %D: 86.32 (<60), MACD: 5.68 vs Signal: 5.69
2025-02-09 23:11:10,374 - DEBUG ENTRY: Price: 250.42, SMA: 249.81, RSI: 56.72 (<65), Stoch %D: 71.14 (<60), MACD: 5.10 vs Signal: 5.57
2025-02-09 23:11:10,374 - DEBUG ENTRY: Price: 243.85, SMA: 249.87, RSI: 46.05 (<65), Stoch %D: 51.25 (<60), MACD: 4.07 vs Signal: 5.27
2025-02-09 23:11:10,375 - DEBUG ENTRY: Price: 243.36, SMA: 249.89, RSI: 45.36 (<65), Stoch %D: 33.07 (<60), MACD: 3.18 vs Signal: 4.85
2025-02-09 23:11:10,375 - DEBUG ENTRY: Price: 245.00, SMA: 249.99, RSI: 48.15 (<65), Stoch %D: 19.98 (<60), MACD: 2.57 vs Signal: 4.40
2025-02-09 23:11:10,375 - DEBUG ENTRY: Price: 242.21, SMA: 249.95, RSI: 44.04 (<65), Stoch %D: 13.30 (<60), MACD: 1.85 vs Signal: 3.89
2025-02-09 23:11:10,375 - DEBUG ENTRY: Price: 242.70, SMA: 249.75, RSI: 44.93 (<65), Stoch %D: 11.39 (<60), MACD: 1.29 vs Signal: 3.37
2025-02-09 23:11:10,375 - DEBUG ENTRY: Price: 236.85, SMA: 249.21, RSI: 37.31 (<65), Stoch %D: 10.85 (<60), MACD: 0.38 vs Signal: 2.77
2025-02-09 23:11:10,375 - DEBUG ENTRY: Price: 234.40, SMA: 248.60, RSI: 34.66 (<65), Stoch %D: 12.23 (<60), MACD: -0.53 vs Signal: 2.11
2025-02-09 23:11:10,375 - DEBUG ENTRY: Price: 233.28, SMA: 247.87, RSI: 33.49 (<65), Stoch %D: 12.91 (<60), MACD: -1.33 vs Signal: 1.42
2025-02-09 23:11:10,375 - DEBUG ENTRY: Price: 237.87, SMA: 247.35, RSI: 42.12 (<65), Stoch %D: 15.35 (<60), MACD: -1.58 vs Signal: 0.82
2025-02-09 23:11:10,375 - DEBUG ENTRY: Price: 228.26, SMA: 246.21, RSI: 32.59 (<65), Stoch %D: 14.95 (<60), MACD: -2.52 vs Signal: 0.15
2025-02-09 23:11:10,375 - DEBUG ENTRY: Price: 229.98, SMA: 245.04, RSI: 35.40 (<65), Stoch %D: 14.12 (<60), MACD: -3.09 vs Signal: -0.50
2025-02-09 23:11:10,375 - DEBUG ENTRY: Price: 222.64, SMA: 243.77, RSI: 29.70 (<65), Stoch %D: 9.98 (<60), MACD: -4.09 vs Signal: -1.22
2025-02-09 23:11:10,375 - DEBUG ENTRY: Price: 223.83, SMA: 242.47, RSI: 31.62 (<65), Stoch %D: 8.84 (<60), MACD: -4.73 vs Signal: -1.92
2025-02-09 23:11:10,375 - DEBUG ENTRY: Price: 223.66, SMA: 240.93, RSI: 31.49 (<65), Stoch %D: 9.19 (<60), MACD: -5.19 vs Signal: -2.57
2025-02-09 23:11:10,375 - DEBUG ENTRY: Price: 222.78, SMA: 239.30, RSI: 30.77 (<65), Stoch %D: 11.76 (<60), MACD: -5.56 vs Signal: -3.17
2025-02-09 23:11:10,375 - DEBUG ENTRY: Price: 229.86, SMA: 237.89, RSI: 42.21 (<65), Stoch %D: 15.65 (<60), MACD: -5.23 vs Signal: -3.58
2025-02-09 23:11:10,375 - DEBUG ENTRY: Price: 238.26, SMA: 236.85, RSI: 52.28 (<65), Stoch %D: 25.06 (<60), MACD: -4.23 vs Signal: -3.71
2025-02-09 23:11:10,375 - BUY CREATE at 238.26, Size: 452 shares
2025-02-09 23:11:10,375 - BUY EXECUTED - Price: 234.12, Size: 452 shares, Cost: 105822.24, Comm: 105.82
2025-02-09 23:11:10,375 - DEBUG ENTRY: Price: 239.36, SMA: 236.04, RSI: 53.43 (<65), Stoch %D: 41.96 (<60), MACD: -3.32 vs Signal: -3.63
2025-02-09 23:11:10,375 - DEBUG EXIT: Price: 239.36, Stop: 233.49, Target: 250.17, RSI: 53.43 (>75)
2025-02-09 23:11:10,375 - DEBUG ENTRY: Price: 237.59, SMA: 235.31, RSI: 51.29 (<65), Stoch %D: 61.43 (<60), MACD: -2.71 vs Signal: -3.45
2025-02-09 23:11:10,375 - DEBUG EXIT: Price: 237.59, Stop: 233.49, Target: 250.17, RSI: 51.29 (>75)
2025-02-09 23:11:10,375 - DEBUG ENTRY: Price: 236.00, SMA: 234.59, RSI: 49.39 (<65), Stoch %D: 73.11 (<60), MACD: -2.32 vs Signal: -3.22
2025-02-09 23:11:10,375 - DEBUG EXIT: Price: 236.00, Stop: 233.49, Target: 250.17, RSI: 49.39 (>75)
2025-02-09 23:11:10,375 - DEBUG ENTRY: Price: 228.01, SMA: 233.79, RSI: 41.11 (<65), Stoch %D: 71.34 (<60), MACD: -2.63 vs Signal: -3.11
2025-02-09 23:11:10,375 - DEBUG EXIT: Price: 228.01, Stop: 233.49, Target: 250.17, RSI: 41.11 (>75)
2025-02-09 23:11:10,375 - SELL CREATE at 228.01, Size: 452 shares
2025-02-09 23:11:10,376 - SELL EXECUTED - Price: 227.25, Size: 452 shares, Cost: 105822.24, Comm: 102.72
2025-02-09 23:11:10,376 - DEBUG ENTRY: Price: 232.80, SMA: 233.27, RSI: 46.86 (<65), Stoch %D: 60.20 (<60), MACD: -2.46 vs Signal: -2.98
2025-02-09 23:11:10,376 - DEBUG ENTRY: Price: 232.47, SMA: 232.64, RSI: 46.52 (<65), Stoch %D: 49.03 (<60), MACD: -2.33 vs Signal: -2.85
2025-02-09 23:11:10,376 - DEBUG ENTRY: Price: 233.22, SMA: 232.19, RSI: 47.45 (<65), Stoch %D: 45.61 (<60), MACD: -2.14 vs Signal: -2.71
2025-02-09 23:11:10,376 - BUY CREATE at 233.22, Size: 449 shares
2025-02-09 23:11:10,376 - BUY EXECUTED - Price: 232.60, Size: 449 shares, Cost: 104437.40, Comm: 104.44
2025-02-09 23:11:10,376 - DEBUG ENTRY: Price: 227.63, SMA: 231.44, RSI: 41.67 (<65), Stoch %D: 44.22 (<60), MACD: -2.41 vs Signal: -2.65
2025-02-09 23:11:10,376 - DEBUG EXIT: Price: 227.63, Stop: 228.56, Target: 244.88, RSI: 41.67 (>75)
2025-02-09 23:11:10,376 - SELL CREATE at 227.63, Size: 449 shares
2025-02-09 23:11:10,376 - 

=== Trading Summary ===
Starting Value: $100,000.00
Final Value: $107,908.99
Return: 7.91%
Total Trades: 12
Winning Trades: 6
Losing Trades: 6
Win Rate: 50.00%
====================

